sets Deployment annotations when specified:
  1: |
    containers:
    - args:
      - --diag-addr=0.0.0.0:3000
      image: quay.io/gravitational/teleport:10.0.0-dev
      imagePullPolicy: IfNotPresent
      livenessProbe:
        failureThreshold: 6
        httpGet:
          path: /healthz
          port: diag
        initialDelaySeconds: 5
        periodSeconds: 5
        timeoutSeconds: 1
      name: teleport
      ports:
      - containerPort: 3000
        name: diag
        protocol: TCP
      readinessProbe:
        failureThreshold: 12
        httpGet:
          path: /readyz
          port: diag
        initialDelaySeconds: 5
        periodSeconds: 5
        timeoutSeconds: 1
      securityContext:
        allowPrivilegeEscalation: false
        capabilities:
          drop:
          - all
        readOnlyRootFilesystem: true
        runAsNonRoot: true
        runAsUser: 9807
      volumeMounts:
      - mountPath: /etc/teleport
        name: config
        readOnly: true
      - mountPath: /etc/teleport-secrets
        name: auth-token
        readOnly: true
      - mountPath: /var/lib/teleport
        name: data
    serviceAccountName: RELEASE-NAME
    volumes:
    - configMap:
        name: RELEASE-NAME
      name: config
    - name: auth-token
      secret:
        secretName: teleport-kube-agent-join-token
    - emptyDir: {}
      name: data
sets Pod annotations when specified:
  1: |
    containers:
    - args:
      - --diag-addr=0.0.0.0:3000
      image: quay.io/gravitational/teleport:10.0.0-dev
      imagePullPolicy: IfNotPresent
      livenessProbe:
        failureThreshold: 6
        httpGet:
          path: /healthz
          port: diag
        initialDelaySeconds: 5
        periodSeconds: 5
        timeoutSeconds: 1
      name: teleport
      ports:
      - containerPort: 3000
        name: diag
        protocol: TCP
      readinessProbe:
        failureThreshold: 12
        httpGet:
          path: /readyz
          port: diag
        initialDelaySeconds: 5
        periodSeconds: 5
        timeoutSeconds: 1
      securityContext:
        allowPrivilegeEscalation: false
        capabilities:
          drop:
          - all
        readOnlyRootFilesystem: true
        runAsNonRoot: true
        runAsUser: 9807
      volumeMounts:
      - mountPath: /etc/teleport
        name: config
        readOnly: true
      - mountPath: /etc/teleport-secrets
        name: auth-token
        readOnly: true
      - mountPath: /var/lib/teleport
        name: data
    serviceAccountName: RELEASE-NAME
    volumes:
    - configMap:
        name: RELEASE-NAME
      name: config
    - name: auth-token
      secret:
        secretName: teleport-kube-agent-join-token
    - emptyDir: {}
      name: data
should add emptyDir for data when existingDataVolume is not set:
  1: |
    containers:
    - args:
      - --diag-addr=0.0.0.0:3000
      image: quay.io/gravitational/teleport:10.0.0-dev
      imagePullPolicy: IfNotPresent
      livenessProbe:
        failureThreshold: 6
        httpGet:
          path: /healthz
          port: diag
        initialDelaySeconds: 5
        periodSeconds: 5
        timeoutSeconds: 1
      name: teleport
      ports:
      - containerPort: 3000
        name: diag
        protocol: TCP
      readinessProbe:
        failureThreshold: 12
        httpGet:
          path: /readyz
          port: diag
        initialDelaySeconds: 5
        periodSeconds: 5
        timeoutSeconds: 1
      securityContext:
        allowPrivilegeEscalation: false
        capabilities:
          drop:
          - all
        readOnlyRootFilesystem: true
        runAsNonRoot: true
        runAsUser: 9807
      volumeMounts:
      - mountPath: /etc/teleport
        name: config
        readOnly: true
      - mountPath: /etc/teleport-secrets
        name: auth-token
        readOnly: true
      - mountPath: /var/lib/teleport
        name: data
    serviceAccountName: RELEASE-NAME
    volumes:
    - configMap:
        name: RELEASE-NAME
      name: config
    - name: auth-token
      secret:
        secretName: teleport-kube-agent-join-token
    - emptyDir: {}
      name: data
should add insecureSkipProxyTLSVerify to args when set in values:
  1: |
    containers:
    - args:
      - --diag-addr=0.0.0.0:3000
      - --insecure
      image: quay.io/gravitational/teleport:10.0.0-dev
      imagePullPolicy: IfNotPresent
      livenessProbe:
        failureThreshold: 6
        httpGet:
          path: /healthz
          port: diag
        initialDelaySeconds: 5
        periodSeconds: 5
        timeoutSeconds: 1
      name: teleport
      ports:
      - containerPort: 3000
        name: diag
        protocol: TCP
      readinessProbe:
        failureThreshold: 12
        httpGet:
          path: /readyz
          port: diag
        initialDelaySeconds: 5
        periodSeconds: 5
        timeoutSeconds: 1
      securityContext:
        allowPrivilegeEscalation: false
        capabilities:
          drop:
          - all
        readOnlyRootFilesystem: true
        runAsNonRoot: true
        runAsUser: 9807
      volumeMounts:
      - mountPath: /etc/teleport
        name: config
        readOnly: true
      - mountPath: /etc/teleport-secrets
        name: auth-token
        readOnly: true
      - mountPath: /var/lib/teleport
        name: data
    serviceAccountName: RELEASE-NAME
    volumes:
    - configMap:
        name: RELEASE-NAME
      name: config
    - name: auth-token
      secret:
        secretName: teleport-kube-agent-join-token
    - emptyDir: {}
      name: data
should correctly configure existingDataVolume when set:
  1: |
    containers:
    - args:
      - --diag-addr=0.0.0.0:3000
      image: quay.io/gravitational/teleport:10.0.0-dev
      imagePullPolicy: IfNotPresent
      livenessProbe:
        failureThreshold: 6
        httpGet:
          path: /healthz
          port: diag
        initialDelaySeconds: 5
        periodSeconds: 5
        timeoutSeconds: 1
      name: teleport
      ports:
      - containerPort: 3000
        name: diag
        protocol: TCP
      readinessProbe:
        failureThreshold: 12
        httpGet:
          path: /readyz
          port: diag
        initialDelaySeconds: 5
        periodSeconds: 5
        timeoutSeconds: 1
      securityContext:
        allowPrivilegeEscalation: false
        capabilities:
          drop:
          - all
        readOnlyRootFilesystem: true
        runAsNonRoot: true
        runAsUser: 9807
      volumeMounts:
      - mountPath: /etc/teleport
        name: config
        readOnly: true
      - mountPath: /etc/teleport-secrets
        name: auth-token
        readOnly: true
      - mountPath: /var/lib/teleport
        name: teleport-kube-agent-data
    serviceAccountName: RELEASE-NAME
    volumes:
    - configMap:
        name: RELEASE-NAME
      name: config
    - name: auth-token
      secret:
        secretName: teleport-kube-agent-join-token
should expose diag port:
  1: |
    containers:
    - args:
      - --diag-addr=0.0.0.0:3000
      image: quay.io/gravitational/teleport:10.0.0-dev
      imagePullPolicy: IfNotPresent
      livenessProbe:
        failureThreshold: 6
        httpGet:
          path: /healthz
          port: diag
        initialDelaySeconds: 5
        periodSeconds: 5
        timeoutSeconds: 1
      name: teleport
      ports:
      - containerPort: 3000
        name: diag
        protocol: TCP
      readinessProbe:
        failureThreshold: 12
        httpGet:
          path: /readyz
          port: diag
        initialDelaySeconds: 5
        periodSeconds: 5
        timeoutSeconds: 1
      securityContext:
        allowPrivilegeEscalation: false
        capabilities:
          drop:
          - all
        readOnlyRootFilesystem: true
        runAsNonRoot: true
        runAsUser: 9807
      volumeMounts:
      - mountPath: /etc/teleport
        name: config
        readOnly: true
      - mountPath: /etc/teleport-secrets
        name: auth-token
        readOnly: true
      - mountPath: /var/lib/teleport
        name: data
    serviceAccountName: RELEASE-NAME
    volumes:
    - configMap:
        name: RELEASE-NAME
      name: config
    - name: auth-token
      secret:
        secretName: teleport-kube-agent-join-token
    - emptyDir: {}
      name: data
should have multiple replicas when replicaCount is set (using .replicaCount, deprecated):
  1: |
    affinity:
      podAntiAffinity:
        preferredDuringSchedulingIgnoredDuringExecution:
        - podAffinityTerm:
            labelSelector:
              matchExpressions:
              - key: app
                operator: In
                values:
                - RELEASE-NAME
            topologyKey: kubernetes.io/hostname
          weight: 50
    containers:
    - args:
      - --diag-addr=0.0.0.0:3000
      image: quay.io/gravitational/teleport:10.0.0-dev
      imagePullPolicy: IfNotPresent
      livenessProbe:
        failureThreshold: 6
        httpGet:
          path: /healthz
          port: diag
        initialDelaySeconds: 5
        periodSeconds: 5
        timeoutSeconds: 1
      name: teleport
      ports:
      - containerPort: 3000
        name: diag
        protocol: TCP
      readinessProbe:
        failureThreshold: 12
        httpGet:
          path: /readyz
          port: diag
        initialDelaySeconds: 5
        periodSeconds: 5
        timeoutSeconds: 1
      securityContext:
        allowPrivilegeEscalation: false
        capabilities:
          drop:
          - all
        readOnlyRootFilesystem: true
        runAsNonRoot: true
        runAsUser: 9807
      volumeMounts:
      - mountPath: /etc/teleport
        name: config
        readOnly: true
      - mountPath: /etc/teleport-secrets
        name: auth-token
        readOnly: true
      - mountPath: /var/lib/teleport
        name: data
    serviceAccountName: RELEASE-NAME
    volumes:
    - configMap:
        name: RELEASE-NAME
      name: config
    - name: auth-token
      secret:
        secretName: teleport-kube-agent-join-token
    - emptyDir: {}
      name: data
should have multiple replicas when replicaCount is set (using highAvailability.replicaCount):
  1: |
    affinity:
      podAntiAffinity:
        preferredDuringSchedulingIgnoredDuringExecution:
        - podAffinityTerm:
            labelSelector:
              matchExpressions:
              - key: app
                operator: In
                values:
                - RELEASE-NAME
            topologyKey: kubernetes.io/hostname
          weight: 50
    containers:
    - args:
      - --diag-addr=0.0.0.0:3000
      image: quay.io/gravitational/teleport:10.0.0-dev
      imagePullPolicy: IfNotPresent
      livenessProbe:
        failureThreshold: 6
        httpGet:
          path: /healthz
          port: diag
        initialDelaySeconds: 5
        periodSeconds: 5
        timeoutSeconds: 1
      name: teleport
      ports:
      - containerPort: 3000
        name: diag
        protocol: TCP
      readinessProbe:
        failureThreshold: 12
        httpGet:
          path: /readyz
          port: diag
        initialDelaySeconds: 5
        periodSeconds: 5
        timeoutSeconds: 1
      securityContext:
        allowPrivilegeEscalation: false
        capabilities:
          drop:
          - all
        readOnlyRootFilesystem: true
        runAsNonRoot: true
        runAsUser: 9807
      volumeMounts:
      - mountPath: /etc/teleport
        name: config
        readOnly: true
      - mountPath: /etc/teleport-secrets
        name: auth-token
        readOnly: true
      - mountPath: /var/lib/teleport
        name: data
    serviceAccountName: RELEASE-NAME
    volumes:
    - configMap:
        name: RELEASE-NAME
      name: config
    - name: auth-token
      secret:
        secretName: teleport-kube-agent-join-token
    - emptyDir: {}
      name: data
should have one replica when replicaCount is not set:
  1: |
    containers:
    - args:
      - --diag-addr=0.0.0.0:3000
      image: quay.io/gravitational/teleport:10.0.0-dev
      imagePullPolicy: IfNotPresent
      livenessProbe:
        failureThreshold: 6
        httpGet:
          path: /healthz
          port: diag
        initialDelaySeconds: 5
        periodSeconds: 5
        timeoutSeconds: 1
      name: teleport
      ports:
      - containerPort: 3000
        name: diag
        protocol: TCP
      readinessProbe:
        failureThreshold: 12
        httpGet:
          path: /readyz
          port: diag
        initialDelaySeconds: 5
        periodSeconds: 5
        timeoutSeconds: 1
      securityContext:
        allowPrivilegeEscalation: false
        capabilities:
          drop:
          - all
        readOnlyRootFilesystem: true
        runAsNonRoot: true
        runAsUser: 9807
      volumeMounts:
      - mountPath: /etc/teleport
        name: config
        readOnly: true
      - mountPath: /etc/teleport-secrets
        name: auth-token
        readOnly: true
      - mountPath: /var/lib/teleport
        name: data
    serviceAccountName: RELEASE-NAME
    volumes:
    - configMap:
        name: RELEASE-NAME
      name: config
    - name: auth-token
      secret:
        secretName: teleport-kube-agent-join-token
    - emptyDir: {}
      name: data
should mount extraVolumes and extraVolumeMounts:
  1: |
    containers:
    - args:
      - --diag-addr=0.0.0.0:3000
      image: quay.io/gravitational/teleport:10.0.0-dev
      imagePullPolicy: IfNotPresent
      livenessProbe:
        failureThreshold: 6
        httpGet:
          path: /healthz
          port: diag
        initialDelaySeconds: 5
        periodSeconds: 5
        timeoutSeconds: 1
      name: teleport
      ports:
      - containerPort: 3000
        name: diag
        protocol: TCP
      readinessProbe:
        failureThreshold: 12
        httpGet:
          path: /readyz
          port: diag
        initialDelaySeconds: 5
        periodSeconds: 5
        timeoutSeconds: 1
      securityContext:
        allowPrivilegeEscalation: false
        capabilities:
          drop:
          - all
        readOnlyRootFilesystem: true
        runAsNonRoot: true
        runAsUser: 9807
      volumeMounts:
      - mountPath: /etc/teleport
        name: config
        readOnly: true
      - mountPath: /etc/teleport-secrets
        name: auth-token
        readOnly: true
      - mountPath: /var/lib/teleport
        name: data
      - mountPath: /path/to/mount
        name: my-mount
    serviceAccountName: RELEASE-NAME
    volumes:
    - configMap:
        name: RELEASE-NAME
      name: config
    - name: auth-token
      secret:
        secretName: teleport-kube-agent-join-token
    - emptyDir: {}
      name: data
    - name: my-mount
      secret:
        secretName: mySecret
should provision initContainer correctly when set in values:
  1: |
    containers:
    - args:
      - --diag-addr=0.0.0.0:3000
      image: quay.io/gravitational/teleport:10.0.0-dev
      imagePullPolicy: IfNotPresent
      livenessProbe:
        failureThreshold: 6
        httpGet:
          path: /healthz
          port: diag
        initialDelaySeconds: 5
        periodSeconds: 5
        timeoutSeconds: 1
      name: teleport
      ports:
      - containerPort: 3000
        name: diag
        protocol: TCP
      readinessProbe:
        failureThreshold: 12
        httpGet:
          path: /readyz
          port: diag
        initialDelaySeconds: 5
        periodSeconds: 5
        timeoutSeconds: 1
      resources:
        limits:
          cpu: 2
          memory: 4Gi
        requests:
          cpu: 1
          memory: 2Gi
      securityContext:
        allowPrivilegeEscalation: false
        capabilities:
          drop:
          - all
        readOnlyRootFilesystem: true
        runAsNonRoot: true
        runAsUser: 9807
      volumeMounts:
      - mountPath: /etc/teleport
        name: config
        readOnly: true
      - mountPath: /etc/teleport-secrets
        name: auth-token
        readOnly: true
      - mountPath: /var/lib/teleport
        name: data
    initContainers:
    - args:
      - echo test
      image: alpine
      name: teleport-init
      resources:
        limits:
          cpu: 2
          memory: 4Gi
        requests:
          cpu: 1
          memory: 2Gi
      securityContext:
        allowPrivilegeEscalation: false
        capabilities:
          drop:
          - all
        readOnlyRootFilesystem: true
        runAsNonRoot: true
        runAsUser: 9807
      volumeMounts:
      - mountPath: /etc/teleport
        name: config
        readOnly: true
      - mountPath: /etc/teleport-secrets
        name: auth-token
        readOnly: true
      - mountPath: /var/lib/teleport
        name: data
    serviceAccountName: RELEASE-NAME
    volumes:
    - configMap:
        name: RELEASE-NAME
      name: config
    - name: auth-token
      secret:
        secretName: teleport-kube-agent-join-token
    - emptyDir: {}
      name: data
should set SecurityContext:
  1: |
    containers:
    - args:
      - --diag-addr=0.0.0.0:3000
      image: quay.io/gravitational/teleport:10.0.0-dev
      imagePullPolicy: IfNotPresent
      livenessProbe:
        failureThreshold: 6
        httpGet:
          path: /healthz
          port: diag
        initialDelaySeconds: 5
        periodSeconds: 5
        timeoutSeconds: 1
      name: teleport
      ports:
      - containerPort: 3000
        name: diag
        protocol: TCP
      readinessProbe:
        failureThreshold: 12
        httpGet:
          path: /readyz
          port: diag
        initialDelaySeconds: 5
        periodSeconds: 5
        timeoutSeconds: 1
      securityContext:
        allowPrivilegeEscalation: false
        capabilities:
          drop:
          - all
        readOnlyRootFilesystem: true
        runAsNonRoot: true
        runAsUser: 9807
      volumeMounts:
      - mountPath: /etc/teleport
        name: config
        readOnly: true
      - mountPath: /etc/teleport-secrets
        name: auth-token
        readOnly: true
      - mountPath: /var/lib/teleport
        name: data
    serviceAccountName: RELEASE-NAME
    volumes:
    - configMap:
        name: RELEASE-NAME
      name: config
    - name: auth-token
      secret:
        secretName: teleport-kube-agent-join-token
    - emptyDir: {}
      name: data
should set affinity when set in values:
  1: |
    affinity:
      nodeAffinity:
        requiredDuringSchedulingIgnoredDuringExecution:
          nodeSelectorTerms:
          - matchExpressions:
            - key: gravitational.io/dedicated
              operator: In
              values:
              - teleport
      podAntiAffinity:
        preferredDuringSchedulingIgnoredDuringExecution:
        - podAffinityTerm:
            labelSelector:
              matchExpressions:
              - key: app
                operator: In
                values:
                - teleport
            topologyKey: kubernetes.io/hostname
          weight: 1
    containers:
    - args:
      - --diag-addr=0.0.0.0:3000
      image: quay.io/gravitational/teleport:10.0.0-dev
      imagePullPolicy: IfNotPresent
      livenessProbe:
        failureThreshold: 6
        httpGet:
          path: /healthz
          port: diag
        initialDelaySeconds: 5
        periodSeconds: 5
        timeoutSeconds: 1
      name: teleport
      ports:
      - containerPort: 3000
        name: diag
        protocol: TCP
      readinessProbe:
        failureThreshold: 12
        httpGet:
          path: /readyz
          port: diag
        initialDelaySeconds: 5
        periodSeconds: 5
        timeoutSeconds: 1
      securityContext:
        allowPrivilegeEscalation: false
        capabilities:
          drop:
          - all
        readOnlyRootFilesystem: true
        runAsNonRoot: true
        runAsUser: 9807
      volumeMounts:
      - mountPath: /etc/teleport
        name: config
        readOnly: true
      - mountPath: /etc/teleport-secrets
        name: auth-token
        readOnly: true
      - mountPath: /var/lib/teleport
        name: data
    serviceAccountName: RELEASE-NAME
    volumes:
    - configMap:
        name: RELEASE-NAME
      name: config
    - name: auth-token
      secret:
        secretName: teleport-kube-agent-join-token
    - emptyDir: {}
      name: data
should set default serviceAccountName when not set in values:
  1: |
    containers:
    - args:
      - --diag-addr=0.0.0.0:3000
      image: quay.io/gravitational/teleport:10.0.0-dev
      imagePullPolicy: IfNotPresent
      livenessProbe:
        failureThreshold: 6
        httpGet:
          path: /healthz
          port: diag
        initialDelaySeconds: 5
        periodSeconds: 5
        timeoutSeconds: 1
      name: teleport
      ports:
      - containerPort: 3000
        name: diag
        protocol: TCP
      readinessProbe:
        failureThreshold: 12
        httpGet:
          path: /readyz
          port: diag
        initialDelaySeconds: 5
        periodSeconds: 5
        timeoutSeconds: 1
      securityContext:
        allowPrivilegeEscalation: false
        capabilities:
          drop:
          - all
        readOnlyRootFilesystem: true
        runAsNonRoot: true
        runAsUser: 9807
      volumeMounts:
      - mountPath: /etc/teleport
        name: config
        readOnly: true
      - mountPath: /etc/teleport-secrets
        name: auth-token
        readOnly: true
      - mountPath: /var/lib/teleport
        name: data
    serviceAccountName: RELEASE-NAME
    volumes:
    - configMap:
        name: RELEASE-NAME
      name: config
    - name: auth-token
      secret:
        secretName: teleport-kube-agent-join-token
    - emptyDir: {}
      name: data
should set environment when extraEnv set in values:
  1: |
    containers:
    - args:
      - --diag-addr=0.0.0.0:3000
      env:
      - name: HTTPS_PROXY
        value: http://username:password@my.proxy.host:3128
      image: quay.io/gravitational/teleport:10.0.0-dev
      imagePullPolicy: IfNotPresent
      livenessProbe:
        failureThreshold: 6
        httpGet:
          path: /healthz
          port: diag
        initialDelaySeconds: 5
        periodSeconds: 5
        timeoutSeconds: 1
      name: teleport
      ports:
      - containerPort: 3000
        name: diag
        protocol: TCP
      readinessProbe:
        failureThreshold: 12
        httpGet:
          path: /readyz
          port: diag
        initialDelaySeconds: 5
        periodSeconds: 5
        timeoutSeconds: 1
      securityContext:
        allowPrivilegeEscalation: false
        capabilities:
          drop:
          - all
        readOnlyRootFilesystem: true
        runAsNonRoot: true
        runAsUser: 9807
      volumeMounts:
      - mountPath: /etc/teleport
        name: config
        readOnly: true
      - mountPath: /etc/teleport-secrets
        name: auth-token
        readOnly: true
      - mountPath: /var/lib/teleport
        name: data
    serviceAccountName: RELEASE-NAME
    volumes:
    - configMap:
        name: RELEASE-NAME
      name: config
    - name: auth-token
      secret:
        secretName: teleport-kube-agent-join-token
    - emptyDir: {}
      name: data
should set image and tag correctly:
  1: |
    containers:
    - args:
      - --diag-addr=0.0.0.0:3000
      image: quay.io/gravitational/teleport:8.3.4
      imagePullPolicy: IfNotPresent
      livenessProbe:
        failureThreshold: 6
        httpGet:
          path: /healthz
          port: diag
        initialDelaySeconds: 5
        periodSeconds: 5
        timeoutSeconds: 1
      name: teleport
      ports:
      - containerPort: 3000
        name: diag
        protocol: TCP
      readinessProbe:
        failureThreshold: 12
        httpGet:
          path: /readyz
          port: diag
        initialDelaySeconds: 5
        periodSeconds: 5
        timeoutSeconds: 1
      securityContext:
        allowPrivilegeEscalation: false
        capabilities:
          drop:
          - all
        readOnlyRootFilesystem: true
        runAsNonRoot: true
        runAsUser: 9807
      volumeMounts:
      - mountPath: /etc/teleport
        name: config
        readOnly: true
      - mountPath: /etc/teleport-secrets
        name: auth-token
        readOnly: true
      - mountPath: /var/lib/teleport
        name: data
    serviceAccountName: RELEASE-NAME
    volumes:
    - configMap:
        name: RELEASE-NAME
      name: config
    - name: auth-token
      secret:
        secretName: teleport-kube-agent-join-token
    - emptyDir: {}
      name: data
should set imagePullPolicy when set in values:
  1: |
    containers:
    - args:
      - --diag-addr=0.0.0.0:3000
      image: quay.io/gravitational/teleport:10.0.0-dev
      imagePullPolicy: Always
      livenessProbe:
        failureThreshold: 6
        httpGet:
          path: /healthz
          port: diag
        initialDelaySeconds: 5
        periodSeconds: 5
        timeoutSeconds: 1
      name: teleport
      ports:
      - containerPort: 3000
        name: diag
        protocol: TCP
      readinessProbe:
        failureThreshold: 12
        httpGet:
          path: /readyz
          port: diag
        initialDelaySeconds: 5
        periodSeconds: 5
        timeoutSeconds: 1
      securityContext:
        allowPrivilegeEscalation: false
        capabilities:
          drop:
          - all
        readOnlyRootFilesystem: true
        runAsNonRoot: true
        runAsUser: 9807
      volumeMounts:
      - mountPath: /etc/teleport
        name: config
        readOnly: true
      - mountPath: /etc/teleport-secrets
        name: auth-token
        readOnly: true
      - mountPath: /var/lib/teleport
        name: data
    serviceAccountName: RELEASE-NAME
    volumes:
    - configMap:
        name: RELEASE-NAME
      name: config
    - name: auth-token
      secret:
        secretName: teleport-kube-agent-join-token
    - emptyDir: {}
      name: data
should set nodeSelector if set in values:
  1: |
    containers:
    - args:
      - --diag-addr=0.0.0.0:3000
      image: quay.io/gravitational/teleport:10.0.0-dev
      imagePullPolicy: IfNotPresent
      livenessProbe:
        failureThreshold: 6
        httpGet:
          path: /healthz
          port: diag
        initialDelaySeconds: 5
        periodSeconds: 5
        timeoutSeconds: 1
      name: teleport
      ports:
      - containerPort: 3000
        name: diag
        protocol: TCP
      readinessProbe:
        failureThreshold: 12
        httpGet:
          path: /readyz
          port: diag
        initialDelaySeconds: 5
        periodSeconds: 5
        timeoutSeconds: 1
      securityContext:
        allowPrivilegeEscalation: false
        capabilities:
          drop:
          - all
        readOnlyRootFilesystem: true
        runAsNonRoot: true
        runAsUser: 9807
      volumeMounts:
      - mountPath: /etc/teleport
        name: config
        readOnly: true
      - mountPath: /etc/teleport-secrets
        name: auth-token
        readOnly: true
      - mountPath: /var/lib/teleport
        name: data
    nodeSelector:
      gravitational.io/k8s-role: node
    serviceAccountName: RELEASE-NAME
    volumes:
    - configMap:
        name: RELEASE-NAME
      name: config
    - name: auth-token
      secret:
        secretName: teleport-kube-agent-join-token
    - emptyDir: {}
      name: data
should set preferred affinity when more than one replica is used:
  1: |
    affinity:
      podAntiAffinity:
        preferredDuringSchedulingIgnoredDuringExecution:
        - podAffinityTerm:
            labelSelector:
              matchExpressions:
              - key: app
                operator: In
                values:
                - RELEASE-NAME
            topologyKey: kubernetes.io/hostname
          weight: 50
    containers:
    - args:
      - --diag-addr=0.0.0.0:3000
      image: quay.io/gravitational/teleport:10.0.0-dev
      imagePullPolicy: IfNotPresent
      livenessProbe:
        failureThreshold: 6
        httpGet:
          path: /healthz
          port: diag
        initialDelaySeconds: 5
        periodSeconds: 5
        timeoutSeconds: 1
      name: teleport
      ports:
      - containerPort: 3000
        name: diag
        protocol: TCP
      readinessProbe:
        failureThreshold: 12
        httpGet:
          path: /readyz
          port: diag
        initialDelaySeconds: 5
        periodSeconds: 5
        timeoutSeconds: 1
      securityContext:
        allowPrivilegeEscalation: false
        capabilities:
          drop:
          - all
        readOnlyRootFilesystem: true
        runAsNonRoot: true
        runAsUser: 9807
      volumeMounts:
      - mountPath: /etc/teleport
        name: config
        readOnly: true
      - mountPath: /etc/teleport-secrets
        name: auth-token
        readOnly: true
      - mountPath: /var/lib/teleport
        name: data
    serviceAccountName: RELEASE-NAME
    volumes:
    - configMap:
        name: RELEASE-NAME
      name: config
    - name: auth-token
      secret:
        secretName: teleport-kube-agent-join-token
    - emptyDir: {}
      name: data
should set probeTimeoutSeconds when set in values:
  1: |
    containers:
    - args:
      - --diag-addr=0.0.0.0:3000
      image: quay.io/gravitational/teleport:10.0.0-dev
      imagePullPolicy: IfNotPresent
      livenessProbe:
        failureThreshold: 6
        httpGet:
          path: /healthz
          port: diag
        initialDelaySeconds: 5
        periodSeconds: 5
        timeoutSeconds: 5
      name: teleport
      ports:
      - containerPort: 3000
        name: diag
        protocol: TCP
      readinessProbe:
        failureThreshold: 12
        httpGet:
          path: /readyz
          port: diag
        initialDelaySeconds: 5
        periodSeconds: 5
        timeoutSeconds: 5
      securityContext:
        allowPrivilegeEscalation: false
        capabilities:
          drop:
          - all
        readOnlyRootFilesystem: true
        runAsNonRoot: true
        runAsUser: 9807
      volumeMounts:
      - mountPath: /etc/teleport
        name: config
        readOnly: true
      - mountPath: /etc/teleport-secrets
        name: auth-token
        readOnly: true
      - mountPath: /var/lib/teleport
        name: data
    serviceAccountName: RELEASE-NAME
    volumes:
    - configMap:
        name: RELEASE-NAME
      name: config
    - name: auth-token
      secret:
        secretName: teleport-kube-agent-join-token
    - emptyDir: {}
      name: data
should set required affinity when highAvailability.requireAntiAffinity is set:
  1: |
    affinity:
      podAntiAffinity:
        requiredDuringSchedulingIgnoredDuringExecution:
        - labelSelector:
            matchExpressions:
            - key: app
              operator: In
              values:
              - RELEASE-NAME
          topologyKey: kubernetes.io/hostname
    containers:
    - args:
      - --diag-addr=0.0.0.0:3000
      image: quay.io/gravitational/teleport:10.0.0-dev
      imagePullPolicy: IfNotPresent
      livenessProbe:
        failureThreshold: 6
        httpGet:
          path: /healthz
          port: diag
        initialDelaySeconds: 5
        periodSeconds: 5
        timeoutSeconds: 1
      name: teleport
      ports:
      - containerPort: 3000
        name: diag
        protocol: TCP
      readinessProbe:
        failureThreshold: 12
        httpGet:
          path: /readyz
          port: diag
        initialDelaySeconds: 5
        periodSeconds: 5
        timeoutSeconds: 1
      securityContext:
        allowPrivilegeEscalation: false
        capabilities:
          drop:
          - all
        readOnlyRootFilesystem: true
        runAsNonRoot: true
        runAsUser: 9807
      volumeMounts:
      - mountPath: /etc/teleport
        name: config
        readOnly: true
      - mountPath: /etc/teleport-secrets
        name: auth-token
        readOnly: true
      - mountPath: /var/lib/teleport
        name: data
    serviceAccountName: RELEASE-NAME
    volumes:
    - configMap:
        name: RELEASE-NAME
      name: config
    - name: auth-token
      secret:
        secretName: teleport-kube-agent-join-token
    - emptyDir: {}
      name: data
should set resources when set in values:
  1: |
    containers:
    - args:
      - --diag-addr=0.0.0.0:3000
      image: quay.io/gravitational/teleport:10.0.0-dev
      imagePullPolicy: IfNotPresent
      livenessProbe:
        failureThreshold: 6
        httpGet:
          path: /healthz
          port: diag
        initialDelaySeconds: 5
        periodSeconds: 5
        timeoutSeconds: 1
      name: teleport
      ports:
      - containerPort: 3000
        name: diag
        protocol: TCP
      readinessProbe:
        failureThreshold: 12
        httpGet:
          path: /readyz
          port: diag
        initialDelaySeconds: 5
        periodSeconds: 5
        timeoutSeconds: 1
      resources:
        limits:
          cpu: 2
          memory: 4Gi
        requests:
          cpu: 1
          memory: 2Gi
      securityContext:
        allowPrivilegeEscalation: false
        capabilities:
          drop:
          - all
        readOnlyRootFilesystem: true
        runAsNonRoot: true
        runAsUser: 9807
      volumeMounts:
      - mountPath: /etc/teleport
        name: config
        readOnly: true
      - mountPath: /etc/teleport-secrets
        name: auth-token
        readOnly: true
      - mountPath: /var/lib/teleport
        name: data
    serviceAccountName: RELEASE-NAME
    volumes:
    - configMap:
        name: RELEASE-NAME
      name: config
    - name: auth-token
      secret:
        secretName: teleport-kube-agent-join-token
    - emptyDir: {}
      name: data
should set serviceAccountName when set in values:
  1: |
    containers:
    - args:
      - --diag-addr=0.0.0.0:3000
      image: quay.io/gravitational/teleport:10.0.0-dev
      imagePullPolicy: IfNotPresent
      livenessProbe:
        failureThreshold: 6
        httpGet:
          path: /healthz
          port: diag
        initialDelaySeconds: 5
        periodSeconds: 5
        timeoutSeconds: 1
      name: teleport
      ports:
      - containerPort: 3000
        name: diag
        protocol: TCP
      readinessProbe:
        failureThreshold: 12
        httpGet:
          path: /readyz
          port: diag
        initialDelaySeconds: 5
        periodSeconds: 5
        timeoutSeconds: 1
      securityContext:
        allowPrivilegeEscalation: false
        capabilities:
          drop:
          - all
        readOnlyRootFilesystem: true
        runAsNonRoot: true
        runAsUser: 9807
      volumeMounts:
      - mountPath: /etc/teleport
        name: config
        readOnly: true
      - mountPath: /etc/teleport-secrets
        name: auth-token
        readOnly: true
      - mountPath: /var/lib/teleport
        name: data
    serviceAccountName: teleport-kube-agent-sa
    volumes:
    - configMap:
        name: RELEASE-NAME
      name: config
    - name: auth-token
      secret:
        secretName: teleport-kube-agent-join-token
    - emptyDir: {}
      name: data
should set tolerations when set in values:
  1: |
    containers:
    - args:
      - --diag-addr=0.0.0.0:3000
      image: quay.io/gravitational/teleport:10.0.0-dev
      imagePullPolicy: IfNotPresent
      livenessProbe:
        failureThreshold: 6
        httpGet:
          path: /healthz
          port: diag
        initialDelaySeconds: 5
        periodSeconds: 5
        timeoutSeconds: 1
      name: teleport
      ports:
      - containerPort: 3000
        name: diag
        protocol: TCP
      readinessProbe:
        failureThreshold: 12
        httpGet:
          path: /readyz
          port: diag
        initialDelaySeconds: 5
        periodSeconds: 5
        timeoutSeconds: 1
      securityContext:
        allowPrivilegeEscalation: false
        capabilities:
          drop:
          - all
        readOnlyRootFilesystem: true
        runAsNonRoot: true
        runAsUser: 9807
      volumeMounts:
      - mountPath: /etc/teleport
        name: config
        readOnly: true
      - mountPath: /etc/teleport-secrets
        name: auth-token
        readOnly: true
      - mountPath: /var/lib/teleport
        name: data
    serviceAccountName: RELEASE-NAME
    tolerations:
    - effect: NoExecute
      key: dedicated
      operator: Equal
      value: teleport
    - effect: NoSchedule
      key: dedicated
      operator: Equal
      value: teleport
    volumes:
    - configMap:
        name: RELEASE-NAME
      name: config
    - name: auth-token
      secret:
        secretName: teleport-kube-agent-join-token
    - emptyDir: {}
      name: data
